// Jest Snapshot v1, https://goo.gl/fbAQLP

exports[`Default layout renders to match snapshot 1`] = `
<div data-app="true" class="application theme--light" id="app">
  <div class="application--wrap">
    <aside class="v-navigation-drawer v-navigation-drawer--fixed v-navigation-drawer--is-mobile v-navigation-drawer--open theme--light" style="height: 100%; margin-top: 0px; transform: translateX(0px); width: 300px;">
      <div role="list" class="v-list theme--light">
        <div role="listitem"><a router="" class="v-list__tile v-list__tile--link theme--light">
            <div class="v-list__tile__action"><i aria-hidden="true" class="v-icon material-icons theme--light">apps</i></div>
            <div class="v-list__tile__content">
              <div class="v-list__tile__title">Welcome</div>
            </div>
          </a></div>
        <div role="listitem"><a router="" class="v-list__tile v-list__tile--link theme--light">
            <div class="v-list__tile__action"><i aria-hidden="true" class="v-icon material-icons theme--light">bubble_chart</i></div>
            <div class="v-list__tile__content">
              <div class="v-list__tile__title">Inspire</div>
            </div>
          </a></div>
      </div>
      <div class="v-navigation-drawer__border"></div>
    </aside>
    <nav class="v-toolbar v-toolbar--fixed theme--dark primary" style="margin-top: 0px; padding-right: 0px; padding-left: 0px; transform: translateY(0px);">
      <div class="v-toolbar__content" style="height: 64px;"><button type="button" class="v-toolbar__side-icon v-btn v-btn--icon theme--dark">
          <div class="v-btn__content"><i aria-hidden="true" class="v-icon material-icons theme--dark">$vuetify.icons.menu</i></div>
        </button> <button type="button" class="v-btn v-btn--icon theme--dark">
          <div class="v-btn__content"><i aria-hidden="true" class="v-icon material-icons theme--dark">chevron_left</i></div>
        </button> <button type="button" class="v-btn v-btn--icon theme--dark">
          <div class="v-btn__content"><i aria-hidden="true" class="v-icon material-icons theme--dark">web</i></div>
        </button> <button type="button" class="v-btn v-btn--icon theme--dark">
          <div class="v-btn__content"><i aria-hidden="true" class="v-icon material-icons theme--dark">remove</i></div>
        </button>
        <div class="v-toolbar__title">Vuetify.js</div>
        <div class="spacer"></div> <button type="button" class="v-btn v-btn--icon theme--dark">
          <div class="v-btn__content"><i aria-hidden="true" class="v-icon material-icons theme--dark">menu</i></div>
        </button>
      </div>
    </nav>
    <main class="v-content" style="padding: 64px 0px 0px 0px;">
      <div class="v-content__wrap">
        <div class="container">
          <div></div>
        </div>
      </div>
    </main>
    <aside class="v-navigation-drawer v-navigation-drawer--close v-navigation-drawer--fixed v-navigation-drawer--right v-navigation-drawer--temporary theme--light" style="height: 100%; margin-top: 0px; transform: translateX(300px); width: 300px;">
      <div role="list" class="v-list theme--light">
        <div role="listitem">
          <div class="v-list__tile theme--light">
            <div class="v-list__tile__action"><i aria-hidden="true" class="v-icon material-icons theme--light">compare_arrows</i></div>
            <div class="v-list__tile__title">Switch drawer (click me)</div>
          </div>
        </div>
      </div>
      <div class="v-navigation-drawer__border"></div>
    </aside>
    <footer class="v-footer v-footer--fixed theme--light" style="height: 32px;"><span>Â© 2019</span></footer>
  </div>
</div>
`;
