// Jest Snapshot v1, https://goo.gl/fbAQLP

exports[`Component renders to match snapshot 1`] = `
<div id="component" class="mb-3">
  <v-text-field-stub error-messages="" box="" label="Example" required="" clearable="" data-vv-name="example" data-vv-as="Example"></v-text-field-stub>
</div>
`;
